proyectoDAS  |     return caller(func, *(extras + args), **kw)
proyectoDAS  |            ^^^^^^^^^^^^^^^^^^^^^^^^^^^^^^^^^^^^
proyectoDAS  |   File "/usr/lib/python3/dist-packages/odoo/tools/func.py", line 97, in locked
proyectoDAS  |     return func(inst, *args, **kwargs)
proyectoDAS  |            ^^^^^^^^^^^^^^^^^^^^^^^^^^^
proyectoDAS  |   File "/usr/lib/python3/dist-packages/odoo/tools/lru.py", line 33, in __getitem__
proyectoDAS  |     a = self.d[obj]
proyectoDAS  |         ~~~~~~^^^^^
proyectoDAS  | KeyError: 'odoo'
proyectoDAS  | 
proyectoDAS  | During handling of the above exception, another exception occurred:
proyectoDAS  | 
proyectoDAS  | Traceback (most recent call last):
proyectoDAS  |   File "/usr/lib/python3/dist-packages/odoo/tools/convert.py", line 590, in _tag_root
proyectoDAS  |     f(rec)
proyectoDAS  |   File "/usr/lib/python3/dist-packages/odoo/tools/convert.py", line 444, in _tag_record
proyectoDAS  |     record = model._load_records([data], self.mode == 'update')
proyectoDAS  |              ^^^^^^^^^^^^^^^^^^^^^^^^^^^^^^^^^^^^^^^^^^^^^^^^^^
proyectoDAS  |   File "/usr/lib/python3/dist-packages/odoo/models.py", line 5531, in _load_records
proyectoDAS  |     records = self._load_records_create([data['values'] for data in to_create])
proyectoDAS  |               ^^^^^^^^^^^^^^^^^^^^^^^^^^^^^^^^^^^^^^^^^^^^^^^^^^^^^^^^^^^^^^^^^
proyectoDAS  |   File "/usr/lib/python3/dist-packages/odoo/models.py", line 5435, in _load_records_create
proyectoDAS  |     records = self.create(vals_list)
proyectoDAS  |               ^^^^^^^^^^^^^^^^^^^^^^
proyectoDAS  |   File "<decorator-gen-172>", line 2, in create
proyectoDAS  |   File "/usr/lib/python3/dist-packages/odoo/api.py", line 498, in _model_create_multi
proyectoDAS  |     return create(self, arg)
proyectoDAS  |            ^^^^^^^^^^^^^^^^^
proyectoDAS  |   File "/usr/lib/python3/dist-packages/odoo/addons/sale_purchase/models/product_template.py", line 28, in create
proyectoDAS  |     return super().create(vals_list)
proyectoDAS  |            ^^^^^^^^^^^^^^^^^^^^^^^^^
proyectoDAS  |   File "<decorator-gen-121>", line 2, in create
proyectoDAS  |   File "/usr/lib/python3/dist-packages/odoo/api.py", line 498, in _model_create_multi
proyectoDAS  |     return create(self, arg)
proyectoDAS  |            ^^^^^^^^^^^^^^^^^
proyectoDAS  |   File "/usr/lib/python3/dist-packages/odoo/addons/account/models/product.py", line 183, in create
proyectoDAS  |     products = super().create(vals_list)
proyectoDAS  |                ^^^^^^^^^^^^^^^^^^^^^^^^^
proyectoDAS  |   File "<decorator-gen-79>", line 2, in create
proyectoDAS  |   File "/usr/lib/python3/dist-packages/odoo/api.py", line 498, in _model_create_multi
proyectoDAS  |     return create(self, arg)
proyectoDAS  |            ^^^^^^^^^^^^^^^^^
proyectoDAS  |   File "/usr/lib/python3/dist-packages/odoo/addons/product/models/product_template.py", line 511, in create
proyectoDAS  |     templates = super(ProductTemplate, self).create(vals_list)
proyectoDAS  |                 ^^^^^^^^^^^^^^^^^^^^^^^^^^^^^^^^^^^^^^^^^^^^^^
proyectoDAS  |   File "<decorator-gen-51>", line 2, in create
proyectoDAS  |   File "/usr/lib/python3/dist-packages/odoo/api.py", line 498, in _model_create_multi
proyectoDAS  |     return create(self, arg)
proyectoDAS  |            ^^^^^^^^^^^^^^^^^
proyectoDAS  |   File "/usr/lib/python3/dist-packages/odoo/addons/mail/models/mail_thread.py", line 294, in create
proyectoDAS  |     threads = super(MailThread, self).create(vals_list)
proyectoDAS  |               ^^^^^^^^^^^^^^^^^^^^^^^^^^^^^^^^^^^^^^^^^
proyectoDAS  |   File "<decorator-gen-0>", line 2, in create
proyectoDAS  |   File "/usr/lib/python3/dist-packages/odoo/api.py", line 498, in _model_create_multi
proyectoDAS  |     return create(self, arg)
proyectoDAS  |            ^^^^^^^^^^^^^^^^^
proyectoDAS  |   File "/usr/lib/python3/dist-packages/odoo/models.py", line 5039, in create
proyectoDAS  |     records = self._create(data_list)
proyectoDAS  |               ^^^^^^^^^^^^^^^^^^^^^^^
proyectoDAS  |   File "/usr/lib/python3/dist-packages/odoo/models.py", line 5223, in _create
proyectoDAS  |     cr.execute(SQL(
proyectoDAS  |   File "/usr/lib/python3/dist-packages/odoo/sql_db.py", line 371, in execute
proyectoDAS  |     res = self._obj.execute(query, params)
proyectoDAS  |           ^^^^^^^^^^^^^^^^^^^^^^^^^^^^^^^^
proyectoDAS  | psycopg2.errors.NotNullViolation: null value in column "base_unit_count" of relation "product_template" violates not-null constraint
proyectoDAS  | DETAIL:  Failing row contains (1389, 1, 1, 1, 1, null, null, 1, 1, service, no, ARR-BIRTHDAY, {"en_US": "Arreglo Cumplea├▒os"}, null, null, null, null, 10.0, null, null, t, t, t, null, null, null, 2026-05-26 07:02:46.604215, 2026-05-26 07:02:46.604215, null, null, 0, none, {"1": 1}, null, null, null, null, null, f, purchase, no-message, null, null, null, manual, no-message, no, order, null, null, null, null, null, null, null, null, null, null, null, null, null, null, null, null, null, null, null, null, null, null, null, null, null, null, f, null, t).
proyectoDAS  | 
proyectoDAS  | 
proyectoDAS  | The above exception was the direct cause of the following exception:
proyectoDAS  | 
proyectoDAS  | Traceback (most recent call last):
proyectoDAS  |   File "/usr/lib/python3/dist-packages/odoo/http.py", line 2577, in __call__
proyectoDAS  |     response = request._serve_db()
proyectoDAS  |                ^^^^^^^^^^^^^^^^^^^
proyectoDAS  |   File "/usr/lib/python3/dist-packages/odoo/http.py", line 2081, in _serve_db
proyectoDAS  |     self.registry, cr_readwrite = self._open_registry()
proyectoDAS  |                                   ^^^^^^^^^^^^^^^^^^^^^
proyectoDAS  |   File "/usr/lib/python3/dist-packages/odoo/http.py", line 1690, in _open_registry
proyectoDAS  |     registry = Registry(self.db)
proyectoDAS  |                ^^^^^^^^^^^^^^^^^
proyectoDAS  |   File "/usr/lib/python3/dist-packages/odoo/modules/registry.py", line 108, in __new__
proyectoDAS  |     return cls.new(db_name)
proyectoDAS  |            ^^^^^^^^^^^^^^^^
proyectoDAS  |   File "/usr/lib/python3/dist-packages/decorator.py", line 232, in fun
proyectoDAS  |     return caller(func, *(extras + args), **kw)
proyectoDAS  |            ^^^^^^^^^^^^^^^^^^^^^^^^^^^^^^^^^^^^
proyectoDAS  |   File "/usr/lib/python3/dist-packages/odoo/tools/func.py", line 97, in locked
proyectoDAS  |     return func(inst, *args, **kwargs)
proyectoDAS  |            ^^^^^^^^^^^^^^^^^^^^^^^^^^^
proyectoDAS  |   File "/usr/lib/python3/dist-packages/odoo/modules/registry.py", line 129, in new
proyectoDAS  |     odoo.modules.load_modules(registry, force_demo, status, update_module)
proyectoDAS  |   File "/usr/lib/python3/dist-packages/odoo/modules/loading.py", line 485, in load_modules
proyectoDAS  |     processed_modules += load_marked_modules(env, graph,
proyectoDAS  |                          ^^^^^^^^^^^^^^^^^^^^^^^^^^^^^^^
proyectoDAS  |   File "/usr/lib/python3/dist-packages/odoo/modules/loading.py", line 365, in load_marked_modules
proyectoDAS  |     loaded, processed = load_module_graph(
proyectoDAS  |                         ^^^^^^^^^^^^^^^^^^
proyectoDAS  |   File "/usr/lib/python3/dist-packages/odoo/modules/loading.py", line 228, in load_module_graph
proyectoDAS  |     load_data(env, idref, mode, kind='data', package=package)
proyectoDAS  |   File "/usr/lib/python3/dist-packages/odoo/modules/loading.py", line 72, in load_data
proyectoDAS  |     tools.convert_file(env, package.name, filename, idref, mode, noupdate, kind)
proyectoDAS  |   File "/usr/lib/python3/dist-packages/odoo/tools/convert.py", line 662, in convert_file
proyectoDAS  |     convert_xml_import(env, module, fp, idref, mode, noupdate)
proyectoDAS  |   File "/usr/lib/python3/dist-packages/odoo/tools/convert.py", line 733, in convert_xml_import
proyectoDAS  |     obj.parse(doc.getroot())
proyectoDAS  |   File "/usr/lib/python3/dist-packages/odoo/tools/convert.py", line 648, in parse
proyectoDAS  |     self._tag_root(de)
proyectoDAS  |   File "/usr/lib/python3/dist-packages/odoo/tools/convert.py", line 590, in _tag_root
proyectoDAS  |     f(rec)
proyectoDAS  |   File "/usr/lib/python3/dist-packages/odoo/tools/convert.py", line 603, in _tag_root
proyectoDAS  |     raise ParseError('while parsing %s:%s, somewhere inside\n%s' % (
proyectoDAS  | odoo.tools.convert.ParseError: while parsing /mnt/extra-addons/restaurant_table_reservations/data/arrangement_products.xml:4, somewhere inside
proyectoDAS  | <record id="product_arrangement_birthday" model="product.template">
proyectoDAS  |             <field name="name">Arreglo Cumplea├▒os</field>
proyectoDAS  |             <field name="default_code">ARR-BIRTHDAY</field>
proyectoDAS  |             <field name="type">service</field>
proyectoDAS  |             <field name="list_price">10.0</field>
proyectoDAS  |             <field name="sale_ok">True</field>
proyectoDAS  |         </record>
proyectoDAS  | 2026-05-26 07:02:46,959 1 INFO ? werkzeug: 172.20.0.1 - - [26/May/2026 07:02:46] "GET /websocket?version=18.0-7 HTTP/1.1" 500 - 101 0.036 0.322
